/home/k/kduan/szn_workspace/Safety_Eval_Over_Edited_LLM/experiment/MEMIT
